// Vitest Snapshot v1, https://vitest.dev/guide/snapshot.html

exports[`createMarkdown > single project > outputs correct changelog 1`] = `""`;

exports[`createMarkdown > single tags > outputs correct changelog 1`] = `""`;

exports[`multiple tags > outputs correct changelog 1`] = `""`;
