// Vitest Snapshot v1, https://vitest.dev/guide/snapshot.html

exports[`MarkdownRenderer > groupByCategory > group commits by category 1`] = `
[
  {
    "commits": [
      {
        "categories": [
          ":rocket: New Feature",
        ],
        "commitSHA": "a0000003",
      },
    ],
    "name": ":rocket: New Feature",
  },
  {
    "commits": [],
    "name": ":boom: Breaking Change",
  },
  {
    "commits": [
      {
        "categories": [
          ":bug: Bug Fix",
        ],
        "commitSHA": "a0000004",
      },
      {
        "categories": [
          ":bug: Bug Fix",
        ],
        "commitSHA": "a0000001",
      },
    ],
    "name": ":bug: Bug Fix",
  },
  {
    "commits": [],
    "name": ":nail_care: Enhancement",
  },
  {
    "commits": [],
    "name": ":memo: Documentation",
  },
  {
    "commits": [],
    "name": ":house: Maintenance",
  },
]
`;

exports[`MarkdownRenderer > renderContributionList > renders a list of contributions 1`] = `
"* My cool PR ([@hzoo](http://hzoo.com))
* [#42](http://github.com/42) My cool PR ([@hzoo](http://hzoo.com))"
`;

exports[`MarkdownRenderer > renderContributorList > renders a list of GitHub users 1`] = `
"#### Committers: 2
- Tobias Bieniek ([@Turbo87](https://github.com/Turbo87))
- [@hzoo](https://github.com/hzoo)"
`;

exports[`MarkdownRenderer > renderRelease > includes contributors list 1`] = `
"## v1.0.0 (2021-05-02)

#### :rocket: New Feature
* My cool PR ([@hzoo](http://hzoo.com))

#### Committers: 1
- Henry ([@hzoo](http://hzoo.com))"
`;

exports[`MarkdownRenderer > renderRelease > renders unreleased commits 1`] = `
"## Unreleased (2018-07-10)

#### :rocket: New Feature
* My cool PR ([@hzoo](http://hzoo.com))"
`;

exports[`MarkdownRenderer > renderRelease > renders unreleased commits, with named next release 1`] = `
"## v2.0.0-alpha.0 (2018-07-10)

#### :rocket: New Feature
* My cool PR ([@hzoo](http://hzoo.com))"
`;

exports[`MarkdownRenderer > renderRelease > skips contributors list if empty 1`] = `
"## v1.0.0 (2021-05-02)

#### :rocket: New Feature
* My cool PR ([@hzoo](http://hzoo.com))"
`;
